Godot Engine v4.6.1.stable.official.14d19694e - https://godotengine.org

[   0% ] [90m[1mfirst_scan_filesystem[22m | Started Project initialization (5 steps)[39m[0m
[   0% ] [90m[1mfirst_scan_filesystem[22m | Scanning file structure...[39m[0m
[  16% ] [90m[1mfirst_scan_filesystem[22m | Loading global class names...[39m[0m
[  33% ] [90m[1mfirst_scan_filesystem[22m | Verifying GDExtensions...[39m[0m
[  50% ] [90m[1mfirst_scan_filesystem[22m | Creating autoload scripts...[39m[0m
[  66% ] [90m[1mfirst_scan_filesystem[22m | Initializing plugins...[39m[0m
[  83% ] [90m[1mfirst_scan_filesystem[22m | Starting file scan...[39m[0m
[92m[ DONE ][39m [1mfirst_scan_filesystem[22m
[0m
[   0% ] [90m[1mupdate_scripts_classes[22m | Started Registering global classes... (7 steps)[39m[0m
[   0% ] [90m[1mupdate_scripts_classes[22m | [39m[0m
[  12% ] [90m[1mupdate_scripts_classes[22m | [39m[0m
[  25% ] [90m[1mupdate_scripts_classes[22m | [39m[0m
[  37% ] [90m[1mupdate_scripts_classes[22m | [39m[0m
[  50% ] [90m[1mupdate_scripts_classes[22m | [39m[0m
[  62% ] [90m[1mupdate_scripts_classes[22m | [39m[0m
[  75% ] [90m[1mupdate_scripts_classes[22m | [39m[0m
[92m[ DONE ][39m [1mupdate_scripts_classes[22m
[0m
[   0% ] [90m[1m_update_scan_actions[22m | Started Scanning actions... (61 steps)[39m[0m
[   0% ] [90m[1m_update_scan_actions[22m | bone_chestplate.png[39m[0m
[   1% ] [90m[1m_update_scan_actions[22m | bone_helmet.png[39m[0m
[   3% ] [90m[1m_update_scan_actions[22m | bone_leggings.png[39m[0m
[   4% ] [90m[1m_update_scan_actions[22m | crystal_chestplate.png[39m[0m
[   6% ] [90m[1m_update_scan_actions[22m | crystal_helmet.png[39m[0m
[   8% ] [90m[1m_update_scan_actions[22m | crystal_leggings.png[39m[0m
[   9% ] [90m[1m_update_scan_actions[22m | leather_chestplate.png[39m[0m
[  11% ] [90m[1m_update_scan_actions[22m | leather_helmet.png[39m[0m
[  12% ] [90m[1m_update_scan_actions[22m | leather_leggings.png[39m[0m
[  14% ] [90m[1m_update_scan_actions[22m | bone_chest_down.png[39m[0m
[  16% ] [90m[1m_update_scan_actions[22m | bone_chest_left.png[39m[0m
[  17% ] [90m[1m_update_scan_actions[22m | bone_chest_right.png[39m[0m
[  19% ] [90m[1m_update_scan_actions[22m | bone_chest_up.png[39m[0m
[  20% ] [90m[1m_update_scan_actions[22m | bone_head_down.png[39m[0m
[  22% ] [90m[1m_update_scan_actions[22m | bone_head_left.png[39m[0m
[  24% ] [90m[1m_update_scan_actions[22m | bone_head_right.png[39m[0m
[  25% ] [90m[1m_update_scan_actions[22m | bone_head_up.png[39m[0m
[  27% ] [90m[1m_update_scan_actions[22m | bone_legs_down.png[39m[0m
[  29% ] [90m[1m_update_scan_actions[22m | bone_legs_left.png[39m[0m
[  30% ] [90m[1m_update_scan_actions[22m | bone_legs_right.png[39m[0m
[  32% ] [90m[1m_update_scan_actions[22m | bone_legs_up.png[39m[0m
[  33% ] [90m[1m_update_scan_actions[22m | cloth_chest_down.png[39m[0m
[  35% ] [90m[1m_update_scan_actions[22m | cloth_chest_left.png[39m[0m
[  37% ] [90m[1m_update_scan_actions[22m | cloth_chest_right.png[39m[0m
[  38% ] [90m[1m_update_scan_actions[22m | cloth_chest_up.png[39m[0m
[  40% ] [90m[1m_update_scan_actions[22m | crystal_chest_down.png[39m[0m
[  41% ] [90m[1m_update_scan_actions[22m | crystal_chest_left.png[39m[0m
[  43% ] [90m[1m_update_scan_actions[22m | crystal_chest_right.png[39m[0m
[  45% ] [90m[1m_update_scan_actions[22m | crystal_chest_up.png[39m[0m
[  46% ] [90m[1m_update_scan_actions[22m | crystal_head_down.png[39m[0m
[  48% ] [90m[1m_update_scan_actions[22m | crystal_head_left.png[39m[0m
[  50% ] [90m[1m_update_scan_actions[22m | crystal_head_right.png[39m[0m
[  51% ] [90m[1m_update_scan_actions[22m | crystal_head_up.png[39m[0m
[  53% ] [90m[1m_update_scan_actions[22m | crystal_legs_down.png[39m[0m
[  54% ] [90m[1m_update_scan_actions[22m | crystal_legs_left.png[39m[0m
[  56% ] [90m[1m_update_scan_actions[22m | crystal_legs_right.png[39m[0m
[  58% ] [90m[1m_update_scan_actions[22m | crystal_legs_up.png[39m[0m
[  59% ] [90m[1m_update_scan_actions[22m | hair_braid_down.png[39m[0m
[  61% ] [90m[1m_update_scan_actions[22m | hair_braid_left.png[39m[0m
[  62% ] [90m[1m_update_scan_actions[22m | hair_braid_right.png[39m[0m
[  64% ] [90m[1m_update_scan_actions[22m | hair_braid_up.png[39m[0m
[  66% ] [90m[1m_update_scan_actions[22m | hair_curly_down.png[39m[0m
[  67% ] [90m[1m_update_scan_actions[22m | hair_curly_left.png[39m[0m
[  69% ] [90m[1m_update_scan_actions[22m | hair_curly_right.png[39m[0m
[  70% ] [90m[1m_update_scan_actions[22m | hair_curly_up.png[39m[0m
[  72% ] [90m[1m_update_scan_actions[22m | hair_ponytail_down.png[39m[0m
[  74% ] [90m[1m_update_scan_actions[22m | hair_ponytail_left.png[39m[0m
[  75% ] [90m[1m_update_scan_actions[22m | hair_ponytail_right.png[39m[0m
[  77% ] [90m[1m_update_scan_actions[22m | hair_ponytail_up.png[39m[0m
[  79% ] [90m[1m_update_scan_actions[22m | leather_chest_down.png[39m[0m
[  80% ] [90m[1m_update_scan_actions[22m | leather_chest_left.png[39m[0m
[  82% ] [90m[1m_update_scan_actions[22m | leather_chest_right.png[39m[0m
[  83% ] [90m[1m_update_scan_actions[22m | leather_chest_up.png[39m[0m
[  85% ] [90m[1m_update_scan_actions[22m | leather_head_down.png[39m[0m
[  87% ] [90m[1m_update_scan_actions[22m | leather_head_left.png[39m[0m
[  88% ] [90m[1m_update_scan_actions[22m | leather_head_right.png[39m[0m
[  90% ] [90m[1m_update_scan_actions[22m | leather_head_up.png[39m[0m
[  91% ] [90m[1m_update_scan_actions[22m | leather_legs_down.png[39m[0m
[  93% ] [90m[1m_update_scan_actions[22m | leather_legs_left.png[39m[0m
[  95% ] [90m[1m_update_scan_actions[22m | leather_legs_right.png[39m[0m
[  96% ] [90m[1m_update_scan_actions[22m | leather_legs_up.png[39m[0m
[92m[ DONE ][39m [1m_update_scan_actions[22m
[0m
[   0% ] [90m[1mreimport[22m | Started (Re)Importing Assets (19 steps)[39m[0m
[   0% ] [90m[1mreimport[22m | Preparing files to reimport...[39m[0m
[   5% ] [90m[1mreimport[22m | Preparing files to reimport...[39m[0m
[  10% ] [90m[1mreimport[22m | Preparing files to reimport...[39m[0m
[  15% ] [90m[1mreimport[22m | Preparing files to reimport...[39m[0m
[  20% ] [90m[1mreimport[22m | Preparing files to reimport...[39m[0m
[  25% ] [90m[1mreimport[22m | Preparing files to reimport...[39m[0m
[  30% ] [90m[1mreimport[22m | Preparing files to reimport...[39m[0m
[  35% ] [90m[1mreimport[22m | Preparing files to reimport...[39m[0m
[  40% ] [90m[1mreimport[22m | Preparing files to reimport...[39m[0m
[  45% ] [90m[1mreimport[22m | Preparing files to reimport...[39m[0m
[  50% ] [90m[1mreimport[22m | Preparing files to reimport...[39m[0m
[  55% ] [90m[1mreimport[22m | Preparing files to reimport...[39m[0m
[  60% ] [90m[1mreimport[22m | Preparing files to reimport...[39m[0m
[  65% ] [90m[1mreimport[22m | Preparing files to reimport...[39m[0m
[  70% ] [90m[1mreimport[22m | Preparing files to reimport...[39m[0m
[  75% ] [90m[1mreimport[22m | Preparing files to reimport...[39m[0m
[  80% ] [90m[1mreimport[22m | Preparing files to reimport...[39m[0m
[  85% ] [90m[1mreimport[22m | Preparing files to reimport...[39m[0m
[  90% ] [90m[1mreimport[22m | Preparing files to reimport...[39m[0m
[   0% ] [90m[1mreimport[22m | Executing pre-reimport operations...[39m[0m
[   0% ] [90m[1mreimport[22m | leather_legs_up.png[39m[0m
[   5% ] [90m[1mreimport[22m | leather_legs_right.png[39m[0m
[  10% ] [90m[1mreimport[22m | leather_legs_left.png[39m[0m
[  15% ] [90m[1mreimport[22m | leather_legs_down.png[39m[0m
[  20% ] [90m[1mreimport[22m | leather_head_up.png[39m[0m
[  25% ] [90m[1mreimport[22m | leather_head_right.png[39m[0m
[  30% ] [90m[1mreimport[22m | leather_head_left.png[39m[0m
[  35% ] [90m[1mreimport[22m | leather_head_down.png[39m[0m
[  40% ] [90m[1mreimport[22m | leather_chest_up.png[39m[0m
[  45% ] [90m[1mreimport[22m | leather_chest_right.png[39m[0m
[  50% ] [90m[1mreimport[22m | leather_chest_left.png[39m[0m
[  55% ] [90m[1mreimport[22m | leather_chest_down.png[39m[0m
[  60% ] [90m[1mreimport[22m | cloth_chest_up.png[39m[0m
[  65% ] [90m[1mreimport[22m | cloth_chest_right.png[39m[0m
[  70% ] [90m[1mreimport[22m | cloth_chest_left.png[39m[0m
[  75% ] [90m[1mreimport[22m | cloth_chest_down.png[39m[0m
[  80% ] [90m[1mreimport[22m | leather_leggings.png[39m[0m
[  85% ] [90m[1mreimport[22m | leather_helmet.png[39m[0m
[  90% ] [90m[1mreimport[22m | leather_chestplate.png[39m[0m
[  95% ] [90m[1mreimport[22m | Finalizing Asset Import...[39m[0m
[92m[ DONE ][39m [1mreimport[22m
[0m
[   0% ] [90m[1mreimport[22m | Started (Re)Importing Assets (19 steps)[39m[0m
[   0% ] [90m[1mreimport[22m | Executing post-reimport operations...[39m[0m
[92m[ DONE ][39m [1mreimport[22m
[0m
[   0% ] [90m[1mloading_editor_layout[22m | Started Loading editor (5 steps)[39m[0m
[   0% ] [90m[1mloading_editor_layout[22m | Loading editor layout...[39m[0m
[  16% ] [90m[1mloading_editor_layout[22m | Loading docks...[39m[0m
[  33% ] [90m[1mloading_editor_layout[22m | Reopening scenes...[39m[0m
[  50% ] [90m[1mloading_editor_layout[22m | Loading central editor layout...[39m[0m
[  66% ] [90m[1mloading_editor_layout[22m | Loading plugin window layout...[39m[0m
[  83% ] [90m[1mloading_editor_layout[22m | Editor layout ready.[39m[0m
[92m[ DONE ][39m [1mloading_editor_layout[22m
[0m
