drawing 8 strips ['mushroom', 'tuber', 'redgrain', 'lotus', 'melon', 'cactus', 'pepper', 'gourd']
SAVED 1 frames to C:\Users\lorib\AppData\Local\Temp\food_nqpt_9fn
drew art\food\strips\tuber.png
SAVED 1 frames to C:\Users\lorib\AppData\Local\Temp\food_m3brsygz
drew art\food\strips\melon.png
SAVED 1 frames to C:\Users\lorib\AppData\Local\Temp\food_gp0515zs
drew art\food\strips\lotus.png
SAVED 1 frames to C:\Users\lorib\AppData\Local\Temp\food_q5hu567c
drew art\food\strips\mushroom.png
SAVED 1 frames to C:\Users\lorib\AppData\Local\Temp\food_nz5ykjyx
drew art\food\strips\cactus.png
SAVED 1 frames to C:\Users\lorib\AppData\Local\Temp\food_vq81ulis
drew art\food\strips\redgrain.png
SAVED 1 frames to C:\Users\lorib\AppData\Local\Temp\food_ogee4rno
drew art\food\strips\gourd.png
SAVED 1 frames to C:\Users\lorib\AppData\Local\Temp\food_67zu6qfv
drew art\food\strips\pepper.png
drawing 1 pot ['pot']
SAVED 1 frames to C:\Users\lorib\AppData\Local\Temp\food_e2fcgjiw
drew game\Forest\art\crops\cooking_pot.png
drawing 44 icons ['redgrain', 'mirelotus', 'sun_melon', 'melon_seed', 'ember_pepper', 'marrow_gourd', 'gourd_seed', 'morsel', 'haunch', 'titan_rib', 'prime_meat', 'seared_morsel', 'haunch_roast', 'titan_roast', 'prime_steak', 'redgrain_loaf', 'tuber_mash', 'mushroom_stew', 'lotus_broth', 'melon_cooler', 'ember_chili', 'gourd_porridge', 'hunters_stew', 'titan_pot_roast', 'pepper_steak', 'fishers_chowder', 'cactus_jelly', 'foragers_salad', 'miners_pie', 'beast_treat', 'bloody_bait', 'mire_eel', 'fen_pike', 'oasis_carp', 'sunfin', 'ash_char', 'frostjaw', 'rust_catfish', 'bonegill', 'reed_perch', 'shardfin', 'moonscale', 'cooked_fish', 'cooking_pot']
SAVED 1 frames to C:\Users\lorib\AppData\Local\Temp\food_p40n5_md
drew game\Forest\art\items\melon_seed.png
SAVED 1 frames to C:\Users\lorib\AppData\Local\Temp\food_6_oepkcb
drew game\Forest\art\items\redgrain.png
SAVED 1 frames to C:\Users\lorib\AppData\Local\Temp\food_565vtpm6
drew game\Forest\art\items\mirelotus.png
SAVED 1 frames to C:\Users\lorib\AppData\Local\Temp\food_fw4pybwy
drew game\Forest\art\items\marrow_gourd.png
SAVED 1 frames to C:\Users\lorib\AppData\Local\Temp\food_ckk3irxf
drew game\Forest\art\items\ember_pepper.png
SAVED 1 frames to C:\Users\lorib\AppData\Local\Temp\food_x0xsob6_
drew game\Forest\art\items\gourd_seed.png
SAVED 1 frames to C:\Users\lorib\AppData\Local\Temp\food_scz2cvpb
drew game\Forest\art\items\morsel.png
SAVED 1 frames to C:\Users\lorib\AppData\Local\Temp\food_fq7x_ft4
drew game\Forest\art\items\sun_melon.png
SAVED 1 frames to C:\Users\lorib\AppData\Local\Temp\food_ukcfryah
drew game\Forest\art\items\haunch_roast.png
SAVED 1 frames to C:\Users\lorib\AppData\Local\Temp\food_u0mg7env
drew game\Forest\art\items\haunch.png
SAVED 1 frames to C:\Users\lorib\AppData\Local\Temp\food_36dtetmh
drew game\Forest\art\items\titan_roast.png
SAVED 1 frames to C:\Users\lorib\AppData\Local\Temp\food_85yf9o8x
drew game\Forest\art\items\seared_morsel.png
SAVED 1 frames to C:\Users\lorib\AppData\Local\Temp\food_2b4uomu4
drew game\Forest\art\items\prime_meat.png
SAVED 1 frames to C:\Users\lorib\AppData\Local\Temp\food_lm2ih8_t
drew game\Forest\art\items\prime_steak.png
SAVED 1 frames to C:\Users\lorib\AppData\Local\Temp\food_fsokqx20
drew game\Forest\art\items\titan_rib.png
SAVED 1 frames to C:\Users\lorib\AppData\Local\Temp\food_kvyb8kul
drew game\Forest\art\items\redgrain_loaf.png
SAVED 1 frames to C:\Users\lorib\AppData\Local\Temp\food_z7sfn8z7
drew game\Forest\art\items\mushroom_stew.png
SAVED 1 frames to C:\Users\lorib\AppData\Local\Temp\food_klcoh5jy
drew game\Forest\art\items\ember_chili.png
SAVED 1 frames to C:\Users\lorib\AppData\Local\Temp\food_7kupsk9d
drew game\Forest\art\items\tuber_mash.png
SAVED 1 frames to C:\Users\lorib\AppData\Local\Temp\food_kuso3y4a
drew game\Forest\art\items\hunters_stew.png
SAVED 1 frames to C:\Users\lorib\AppData\Local\Temp\food_s1db64tt
drew game\Forest\art\items\gourd_porridge.png
SAVED 1 frames to C:\Users\lorib\AppData\Local\Temp\food_hfw4cbt1
drew game\Forest\art\items\titan_pot_roast.png
SAVED 1 frames to C:\Users\lorib\AppData\Local\Temp\food_vkia6xf7
drew game\Forest\art\items\lotus_broth.png
SAVED 1 frames to C:\Users\lorib\AppData\Local\Temp\food_urulbw1d
drew game\Forest\art\items\melon_cooler.png
SAVED 1 frames to C:\Users\lorib\AppData\Local\Temp\food_f9nnzqif
drew game\Forest\art\items\pepper_steak.png
SAVED 1 frames to C:\Users\lorib\AppData\Local\Temp\food_trzp6p26
drew game\Forest\art\items\fishers_chowder.png
SAVED 1 frames to C:\Users\lorib\AppData\Local\Temp\food_ycrwbm_j
drew game\Forest\art\items\cactus_jelly.png
SAVED 1 frames to C:\Users\lorib\AppData\Local\Temp\food_h1rvxi52
drew game\Forest\art\items\foragers_salad.png
SAVED 1 frames to C:\Users\lorib\AppData\Local\Temp\food_6zyy30_2
drew game\Forest\art\items\miners_pie.png
SAVED 1 frames to C:\Users\lorib\AppData\Local\Temp\food_w9erlxo7
drew game\Forest\art\items\beast_treat.png
SAVED 1 frames to C:\Users\lorib\AppData\Local\Temp\food_q1mgcv8i
drew game\Forest\art\items\bloody_bait.png
SAVED 1 frames to C:\Users\lorib\AppData\Local\Temp\food_iban96bx
drew game\Forest\art\items\fen_pike.png
SAVED 1 frames to C:\Users\lorib\AppData\Local\Temp\food_iiecgcwm
drew game\Forest\art\items\mire_eel.png
SAVED 1 frames to C:\Users\lorib\AppData\Local\Temp\food_rdvm0wza
drew game\Forest\art\items\sunfin.png
SAVED 1 frames to C:\Users\lorib\AppData\Local\Temp\food_93yqs7ft
drew game\Forest\art\items\oasis_carp.png
SAVED 1 frames to C:\Users\lorib\AppData\Local\Temp\food_ryuxcwx3
drew game\Forest\art\items\ash_char.png
SAVED 1 frames to C:\Users\lorib\AppData\Local\Temp\food_btwtlrn4
drew game\Forest\art\items\rust_catfish.png
SAVED 1 frames to C:\Users\lorib\AppData\Local\Temp\food_ytv39nb8
drew game\Forest\art\items\bonegill.png
SAVED 1 frames to C:\Users\lorib\AppData\Local\Temp\food_i6hv7vpw
drew game\Forest\art\items\frostjaw.png
SAVED 1 frames to C:\Users\lorib\AppData\Local\Temp\food_aiu_uapn
drew game\Forest\art\v6\item-reed_perch.png
SAVED 1 frames to C:\Users\lorib\AppData\Local\Temp\food_nv662evl
drew game\Forest\art\v6\item-shardfin.png
SAVED 1 frames to C:\Users\lorib\AppData\Local\Temp\food_11pov699
drew game\Forest\art\v6\item-moonscale.png
SAVED 1 frames to C:\Users\lorib\AppData\Local\Temp\food_ox8mo8v7
drew game\Forest\art\items\cooking_pot.png
SAVED 1 frames to C:\Users\lorib\AppData\Local\Temp\food_k31zerhn
drew game\Forest\art\v6\item-cooked_fish.png
DONE
