Godot Engine v4.6.1.stable.official.14d19694e - https://godotengine.org

[   0% ] [90m[1mfirst_scan_filesystem[22m | Started Project initialization (5 steps)[39m[0m
[   0% ] [90m[1mfirst_scan_filesystem[22m | Scanning file structure...[39m[0m
[  16% ] [90m[1mfirst_scan_filesystem[22m | Loading global class names...[39m[0m
[  33% ] [90m[1mfirst_scan_filesystem[22m | Verifying GDExtensions...[39m[0m
[  50% ] [90m[1mfirst_scan_filesystem[22m | Creating autoload scripts...[39m[0m
[  66% ] [90m[1mfirst_scan_filesystem[22m | Initializing plugins...[39m[0m
[  83% ] [90m[1mfirst_scan_filesystem[22m | Starting file scan...[39m[0m
[92m[ DONE ][39m [1mfirst_scan_filesystem[22m
[0m
[   0% ] [90m[1mupdate_scripts_classes[22m | Started Registering global classes... (10 steps)[39m[0m
[   0% ] [90m[1mupdate_scripts_classes[22m | [39m[0m
[   9% ] [90m[1mupdate_scripts_classes[22m | [39m[0m
[  18% ] [90m[1mupdate_scripts_classes[22m | [39m[0m
[  27% ] [90m[1mupdate_scripts_classes[22m | [39m[0m
[  36% ] [90m[1mupdate_scripts_classes[22m | [39m[0m
[  45% ] [90m[1mupdate_scripts_classes[22m | [39m[0m
[  54% ] [90m[1mupdate_scripts_classes[22m | [39m[0m
[  63% ] [90m[1mupdate_scripts_classes[22m | [39m[0m
[  72% ] [90m[1mupdate_scripts_classes[22m | [39m[0m
[  81% ] [90m[1mupdate_scripts_classes[22m | [39m[0m
[92m[ DONE ][39m [1mupdate_scripts_classes[22m
[0m
[   0% ] [90m[1m_update_scan_actions[22m | Started Scanning actions... (18 steps)[39m[0m
[   0% ] [90m[1m_update_scan_actions[22m | dodo-ambient.ogg[39m[0m
[   5% ] [90m[1m_update_scan_actions[22m | dodo-attack.ogg[39m[0m
[  10% ] [90m[1m_update_scan_actions[22m | dodo-hurt.ogg[39m[0m
[  15% ] [90m[1m_update_scan_actions[22m | longneck-ambient.ogg[39m[0m
[  21% ] [90m[1m_update_scan_actions[22m | longneck-attack.ogg[39m[0m
[  26% ] [90m[1m_update_scan_actions[22m | longneck-hurt.ogg[39m[0m
[  31% ] [90m[1m_update_scan_actions[22m | raptor-ambient.ogg[39m[0m
[  36% ] [90m[1m_update_scan_actions[22m | raptor-attack.ogg[39m[0m
[  42% ] [90m[1m_update_scan_actions[22m | raptor-hurt.ogg[39m[0m
[  47% ] [90m[1m_update_scan_actions[22m | rex-ambient.ogg[39m[0m
[  52% ] [90m[1m_update_scan_actions[22m | rex-attack.ogg[39m[0m
[  57% ] [90m[1m_update_scan_actions[22m | rex-hurt.ogg[39m[0m
[  63% ] [90m[1m_update_scan_actions[22m | stego-ambient.ogg[39m[0m
[  68% ] [90m[1m_update_scan_actions[22m | stego-attack.ogg[39m[0m
[  73% ] [90m[1m_update_scan_actions[22m | stego-hurt.ogg[39m[0m
[  78% ] [90m[1m_update_scan_actions[22m | trike-ambient.ogg[39m[0m
[  84% ] [90m[1m_update_scan_actions[22m | trike-attack.ogg[39m[0m
[  89% ] [90m[1m_update_scan_actions[22m | trike-hurt.ogg[39m[0m
[92m[ DONE ][39m [1m_update_scan_actions[22m
[0m
[   0% ] [90m[1mreimport[22m | Started (Re)Importing Assets (18 steps)[39m[0m
[   0% ] [90m[1mreimport[22m | Preparing files to reimport...[39m[0m
[   5% ] [90m[1mreimport[22m | Preparing files to reimport...[39m[0m
[  10% ] [90m[1mreimport[22m | Preparing files to reimport...[39m[0m
[  15% ] [90m[1mreimport[22m | Preparing files to reimport...[39m[0m
[  21% ] [90m[1mreimport[22m | Preparing files to reimport...[39m[0m
[  26% ] [90m[1mreimport[22m | Preparing files to reimport...[39m[0m
[  31% ] [90m[1mreimport[22m | Preparing files to reimport...[39m[0m
[  36% ] [90m[1mreimport[22m | Preparing files to reimport...[39m[0m
[  42% ] [90m[1mreimport[22m | Preparing files to reimport...[39m[0m
[  47% ] [90m[1mreimport[22m | Preparing files to reimport...[39m[0m
[  52% ] [90m[1mreimport[22m | Preparing files to reimport...[39m[0m
[  57% ] [90m[1mreimport[22m | Preparing files to reimport...[39m[0m
[  63% ] [90m[1mreimport[22m | Preparing files to reimport...[39m[0m
[  68% ] [90m[1mreimport[22m | Preparing files to reimport...[39m[0m
[  73% ] [90m[1mreimport[22m | Preparing files to reimport...[39m[0m
[  78% ] [90m[1mreimport[22m | Preparing files to reimport...[39m[0m
[  84% ] [90m[1mreimport[22m | Preparing files to reimport...[39m[0m
[  89% ] [90m[1mreimport[22m | Preparing files to reimport...[39m[0m
[   0% ] [90m[1mreimport[22m | Executing pre-reimport operations...[39m[0m
[   0% ] [90m[1mreimport[22m | trike-hurt.ogg[39m[0m
[   5% ] [90m[1mreimport[22m | trike-attack.ogg[39m[0m
[  10% ] [90m[1mreimport[22m | trike-ambient.ogg[39m[0m
[  15% ] [90m[1mreimport[22m | stego-hurt.ogg[39m[0m
[  21% ] [90m[1mreimport[22m | stego-attack.ogg[39m[0m
[  26% ] [90m[1mreimport[22m | stego-ambient.ogg[39m[0m
[  31% ] [90m[1mreimport[22m | rex-hurt.ogg[39m[0m
[  36% ] [90m[1mreimport[22m | rex-attack.ogg[39m[0m
[  42% ] [90m[1mreimport[22m | rex-ambient.ogg[39m[0m
[  47% ] [90m[1mreimport[22m | raptor-hurt.ogg[39m[0m
[  52% ] [90m[1mreimport[22m | raptor-attack.ogg[39m[0m
[  57% ] [90m[1mreimport[22m | raptor-ambient.ogg[39m[0m
[  63% ] [90m[1mreimport[22m | longneck-hurt.ogg[39m[0m
[  68% ] [90m[1mreimport[22m | longneck-attack.ogg[39m[0m
[  73% ] [90m[1mreimport[22m | longneck-ambient.ogg[39m[0m
[  78% ] [90m[1mreimport[22m | dodo-hurt.ogg[39m[0m
[  84% ] [90m[1mreimport[22m | dodo-attack.ogg[39m[0m
[  89% ] [90m[1mreimport[22m | dodo-ambient.ogg[39m[0m
[  94% ] [90m[1mreimport[22m | Finalizing Asset Import...[39m[0m
[92m[ DONE ][39m [1mreimport[22m
[0m
[   0% ] [90m[1mreimport[22m | Started (Re)Importing Assets (18 steps)[39m[0m
[   0% ] [90m[1mreimport[22m | Executing post-reimport operations...[39m[0m
[92m[ DONE ][39m [1mreimport[22m
[0m
[   0% ] [90m[1mloading_editor_layout[22m | Started Loading editor (5 steps)[39m[0m
[   0% ] [90m[1mloading_editor_layout[22m | Loading editor layout...[39m[0m
[  16% ] [90m[1mloading_editor_layout[22m | Loading docks...[39m[0m
[  33% ] [90m[1mloading_editor_layout[22m | Reopening scenes...[39m[0m
[  50% ] [90m[1mloading_editor_layout[22m | Loading central editor layout...[39m[0m
[  66% ] [90m[1mloading_editor_layout[22m | Loading plugin window layout...[39m[0m
[  83% ] [90m[1mloading_editor_layout[22m | Editor layout ready.[39m[0m
[92m[ DONE ][39m [1mloading_editor_layout[22m
[0m
