Godot Engine v4.6.1.stable.official.14d19694e - https://godotengine.org

[   0% ] [90m[1mfirst_scan_filesystem[22m | Started Project initialization (5 steps)[39m[0m
[   0% ] [90m[1mfirst_scan_filesystem[22m | Scanning file structure...[39m[0m
[  16% ] [90m[1mfirst_scan_filesystem[22m | Loading global class names...[39m[0m
[  33% ] [90m[1mfirst_scan_filesystem[22m | Verifying GDExtensions...[39m[0m
[  50% ] [90m[1mfirst_scan_filesystem[22m | Creating autoload scripts...[39m[0m
[  66% ] [90m[1mfirst_scan_filesystem[22m | Initializing plugins...[39m[0m
[  83% ] [90m[1mfirst_scan_filesystem[22m | Starting file scan...[39m[0m
[92m[ DONE ][39m [1mfirst_scan_filesystem[22m
[0m
[   0% ] [90m[1mupdate_scripts_classes[22m | Started Registering global classes... (7 steps)[39m[0m
[   0% ] [90m[1mupdate_scripts_classes[22m | [39m[0m
[  12% ] [90m[1mupdate_scripts_classes[22m | [39m[0m
[  25% ] [90m[1mupdate_scripts_classes[22m | [39m[0m
[  37% ] [90m[1mupdate_scripts_classes[22m | [39m[0m
[  50% ] [90m[1mupdate_scripts_classes[22m | [39m[0m
[  62% ] [90m[1mupdate_scripts_classes[22m | [39m[0m
[  75% ] [90m[1mupdate_scripts_classes[22m | [39m[0m
[92m[ DONE ][39m [1mupdate_scripts_classes[22m
[0m
[   0% ] [90m[1m_update_scan_actions[22m | Started Scanning actions... (12 steps)[39m[0m
[   0% ] [90m[1m_update_scan_actions[22m | item-berry_compote.png[39m[0m
[   7% ] [90m[1m_update_scan_actions[22m | item-berry_seed.png[39m[0m
[  15% ] [90m[1m_update_scan_actions[22m | item-bone_arrow.png[39m[0m
[  23% ] [90m[1m_update_scan_actions[22m | item-crystal_axe.png[39m[0m
[  30% ] [90m[1m_update_scan_actions[22m | item-crystal_pickaxe.png[39m[0m
[  38% ] [90m[1m_update_scan_actions[22m | item-dodo_egg.png[39m[0m
[  46% ] [90m[1m_update_scan_actions[22m | item-forest_omelet.png[39m[0m
[  53% ] [90m[1m_update_scan_actions[22m | item-garden_hoe.png[39m[0m
[  61% ] [90m[1m_update_scan_actions[22m | item-mushroom_spore.png[39m[0m
[  69% ] [90m[1m_update_scan_actions[22m | item-prism_crystal.png[39m[0m
[  76% ] [90m[1m_update_scan_actions[22m | item-reed_bow.png[39m[0m
[  84% ] [90m[1m_update_scan_actions[22m | item-shard_sword.png[39m[0m
[92m[ DONE ][39m [1m_update_scan_actions[22m
[0m
[   0% ] [90m[1mreimport[22m | Started (Re)Importing Assets (12 steps)[39m[0m
[   0% ] [90m[1mreimport[22m | Preparing files to reimport...[39m[0m
[   7% ] [90m[1mreimport[22m | Preparing files to reimport...[39m[0m
[  15% ] [90m[1mreimport[22m | Preparing files to reimport...[39m[0m
[  23% ] [90m[1mreimport[22m | Preparing files to reimport...[39m[0m
[  30% ] [90m[1mreimport[22m | Preparing files to reimport...[39m[0m
[  38% ] [90m[1mreimport[22m | Preparing files to reimport...[39m[0m
[  46% ] [90m[1mreimport[22m | Preparing files to reimport...[39m[0m
[  53% ] [90m[1mreimport[22m | Preparing files to reimport...[39m[0m
[  61% ] [90m[1mreimport[22m | Preparing files to reimport...[39m[0m
[  69% ] [90m[1mreimport[22m | Preparing files to reimport...[39m[0m
[  76% ] [90m[1mreimport[22m | Preparing files to reimport...[39m[0m
[  84% ] [90m[1mreimport[22m | Preparing files to reimport...[39m[0m
[   0% ] [90m[1mreimport[22m | Executing pre-reimport operations...[39m[0m
[   0% ] [90m[1mreimport[22m | item-berry_compote.png[39m[0m
[   7% ] [90m[1mreimport[22m | item-berry_seed.png[39m[0m
[  15% ] [90m[1mreimport[22m | item-bone_arrow.png[39m[0m
[  23% ] [90m[1mreimport[22m | item-crystal_axe.png[39m[0m
[  30% ] [90m[1mreimport[22m | item-crystal_pickaxe.png[39m[0m
[  38% ] [90m[1mreimport[22m | item-dodo_egg.png[39m[0m
[  46% ] [90m[1mreimport[22m | item-forest_omelet.png[39m[0m
[  53% ] [90m[1mreimport[22m | item-garden_hoe.png[39m[0m
[  61% ] [90m[1mreimport[22m | item-mushroom_spore.png[39m[0m
[  69% ] [90m[1mreimport[22m | item-prism_crystal.png[39m[0m
[  76% ] [90m[1mreimport[22m | item-reed_bow.png[39m[0m
[  84% ] [90m[1mreimport[22m | item-shard_sword.png[39m[0m
[  92% ] [90m[1mreimport[22m | Finalizing Asset Import...[39m[0m
[92m[ DONE ][39m [1mreimport[22m
[0m
[   0% ] [90m[1mreimport[22m | Started (Re)Importing Assets (12 steps)[39m[0m
[   0% ] [90m[1mreimport[22m | Executing post-reimport operations...[39m[0m
[92m[ DONE ][39m [1mreimport[22m
[0m
[   0% ] [90m[1mloading_editor_layout[22m | Started Loading editor (5 steps)[39m[0m
[   0% ] [90m[1mloading_editor_layout[22m | Loading editor layout...[39m[0m
[  16% ] [90m[1mloading_editor_layout[22m | Loading docks...[39m[0m
[  33% ] [90m[1mloading_editor_layout[22m | Reopening scenes...[39m[0m
[  50% ] [90m[1mloading_editor_layout[22m | Loading central editor layout...[39m[0m
[  66% ] [90m[1mloading_editor_layout[22m | Loading plugin window layout...[39m[0m
[  83% ] [90m[1mloading_editor_layout[22m | Editor layout ready.[39m[0m
[92m[ DONE ][39m [1mloading_editor_layout[22m
[0m
