Godot Engine v4.6.1.stable.official.14d19694e - https://godotengine.org
OpenGL API 3.3.0 Core Profile Context 24.10.36.04.250109 - Compatibility - Using Device: ATI Technologies Inc. - AMD Radeon RX 7700S

📦 ItemDB loaded 34 items: basic_axe, basic_pickaxe, berry, bone_dagger, bucket, campfire, chest, cooked_meat, crystal_pendant, crystal_shard, hide_bed, hunter_charm, lantern, leather_chestplate, leather_helmet, leather_leggings, log, net, plank, plant_fiber, raptor_fang, river_totem, stego_saddle, stone, thatch_roof, torch, trex_meat, trex_scale, trike_saddle, water_bucket, wood_door, wood_floor, wood_wall, workbench
PASS nearby workbench opens with E without cursor targeting
PASS helmet crown follows idle_down frame 0
PASS helmet covers ear in idle_down frame 0
PASS helmet crown follows idle_down frame 1
PASS helmet covers ear in idle_down frame 1
PASS helmet crown follows idle_down frame 2
PASS helmet covers ear in idle_down frame 2
PASS helmet crown follows idle_down frame 3
PASS helmet covers ear in idle_down frame 3
PASS helmet crown follows idle_down frame 4
PASS helmet covers ear in idle_down frame 4
PASS helmet crown follows idle_up frame 0
PASS helmet covers ear in idle_up frame 0
PASS helmet crown follows idle_left frame 0
PASS helmet covers ear in idle_left frame 0
PASS helmet crown follows idle_left frame 1
PASS helmet covers ear in idle_left frame 1
PASS helmet crown follows idle_left frame 2
PASS helmet covers ear in idle_left frame 2
PASS helmet crown follows idle_left frame 3
PASS helmet covers ear in idle_left frame 3
PASS helmet crown follows idle_left frame 4
PASS helmet covers ear in idle_left frame 4
PASS helmet crown follows idle_left frame 5
PASS helmet covers ear in idle_left frame 5
PASS helmet crown follows idle_right frame 0
PASS helmet covers ear in idle_right frame 0
PASS helmet crown follows idle_right frame 1
PASS helmet covers ear in idle_right frame 1
PASS helmet crown follows idle_right frame 2
PASS helmet covers ear in idle_right frame 2
PASS helmet crown follows idle_right frame 3
PASS helmet covers ear in idle_right frame 3
PASS helmet crown follows idle_right frame 4
PASS helmet covers ear in idle_right frame 4
PASS helmet crown follows idle_right frame 5
PASS helmet covers ear in idle_right frame 5
PASS helmet crown follows idle_right frame 6
PASS helmet covers ear in idle_right frame 6
PASS idle comparison exercises actual head silhouette and position changes
PASS bed binds nearby player spawn
PASS bed returns a nearby clear respawn point
PASS journey saves bed binding
PASS bed binding restores without disturbing journey
PASS death enters countdown with movement stopped
PASS death screen begins a five-second countdown
PASS death blocks satchel and pause shortcuts
PASS countdown advances in real game time
PASS respawn reenables physics and idle state without reload
PASS respawn restores vitality at bound bed
PASS player actually walks after respawning
PASS destroyed spawn bed falls back to camp
FOREST_ROOT_PASS4 assertions=52 failures=0
